======== system report ===========
Date & Time Thu Oct 30 05:07:34 PM EDT 2025

-------- Uptime -----------
 17:07:34 up  1:01,  4 users,  load average: 0.06, 0.20, 0.28

-------- Memory Usage ----------
               total        used        free      shared  buff/cache   available
Mem:           3.3Gi       2.0Gi       184Mi        70Mi       1.2Gi       1.2Gi
Swap:          3.4Gi       512Ki       3.4Gi

-------- Disk Usage -----------
Filesystem      Size  Used Avail Use% Mounted on
tmpfs           336M  2.1M  334M   1% /run
/dev/sda2        20G   11G  8.1G  57% /
tmpfs           1.7G  4.0K  1.7G   1% /dev/shm
tmpfs           5.0M  8.0K  5.0M   1% /run/lock
tmpfs           1.0M     0  1.0M   0% /run/credentials/systemd-journald.service
tmpfs           1.7G  5.2M  1.7G   1% /tmp
tmpfs           1.0M     0  1.0M   0% /run/credentials/systemd-resolved.service
tmpfs           336M  4.1M  332M   2% /run/user/1000
tmpfs           336M   76K  336M   1% /run/user/1002
================================

======== system report ===========
Date & Time Thu Oct 30 05:16:01 PM EDT 2025

-------- Uptime -----------
 17:16:01 up  1:09,  4 users,  load average: 0.01, 0.17, 0.26

-------- Memory Usage ----------
               total        used        free      shared  buff/cache   available
Mem:           3.3Gi       1.3Gi       1.1Gi        41Mi       1.2Gi       1.9Gi
Swap:          3.4Gi       512Ki       3.4Gi

-------- Disk Usage -----------
Filesystem      Size  Used Avail Use% Mounted on
tmpfs           336M  2.1M  334M   1% /run
/dev/sda2        20G   11G  8.1G  57% /
tmpfs           1.7G  4.0K  1.7G   1% /dev/shm
tmpfs           5.0M  8.0K  5.0M   1% /run/lock
tmpfs           1.0M     0  1.0M   0% /run/credentials/systemd-journald.service
tmpfs           1.7G  3.8M  1.7G   1% /tmp
tmpfs           1.0M     0  1.0M   0% /run/credentials/systemd-resolved.service
tmpfs           336M  4.1M  332M   2% /run/user/1000
tmpfs           336M   76K  336M   1% /run/user/1002
================================

======== system report ===========
Date & Time Thu Oct 30 05:17:01 PM EDT 2025

-------- Uptime -----------
 17:17:01 up  1:10,  4 users,  load average: 0.11, 0.18, 0.26

-------- Memory Usage ----------
               total        used        free      shared  buff/cache   available
Mem:           3.3Gi       1.3Gi       1.1Gi        41Mi       1.2Gi       1.9Gi
Swap:          3.4Gi       512Ki       3.4Gi

-------- Disk Usage -----------
Filesystem      Size  Used Avail Use% Mounted on
tmpfs           336M  2.1M  334M   1% /run
/dev/sda2        20G   11G  8.1G  57% /
tmpfs           1.7G  4.0K  1.7G   1% /dev/shm
tmpfs           5.0M  8.0K  5.0M   1% /run/lock
tmpfs           1.0M     0  1.0M   0% /run/credentials/systemd-journald.service
tmpfs           1.7G  3.8M  1.7G   1% /tmp
tmpfs           1.0M     0  1.0M   0% /run/credentials/systemd-resolved.service
tmpfs           336M  4.1M  332M   2% /run/user/1000
tmpfs           336M   76K  336M   1% /run/user/1002
================================

======== system report ===========
Date & Time Thu Oct 30 05:18:02 PM EDT 2025

-------- Uptime -----------
 17:18:02 up  1:11,  4 users,  load average: 0.04, 0.15, 0.24

-------- Memory Usage ----------
               total        used        free      shared  buff/cache   available
Mem:           3.3Gi       1.3Gi       1.1Gi        41Mi       1.2Gi       1.9Gi
Swap:          3.4Gi       512Ki       3.4Gi

-------- Disk Usage -----------
Filesystem      Size  Used Avail Use% Mounted on
tmpfs           336M  2.1M  334M   1% /run
/dev/sda2        20G   11G  8.1G  57% /
tmpfs           1.7G  4.0K  1.7G   1% /dev/shm
tmpfs           5.0M  8.0K  5.0M   1% /run/lock
tmpfs           1.0M     0  1.0M   0% /run/credentials/systemd-journald.service
tmpfs           1.7G  3.8M  1.7G   1% /tmp
tmpfs           1.0M     0  1.0M   0% /run/credentials/systemd-resolved.service
tmpfs           336M  4.1M  332M   2% /run/user/1000
tmpfs           336M   76K  336M   1% /run/user/1002
================================

======== system report ===========
Date & Time Thu Oct 30 05:19:01 PM EDT 2025

-------- Uptime -----------
 17:19:01 up  1:12,  4 users,  load average: 0.01, 0.12, 0.22

-------- Memory Usage ----------
               total        used        free      shared  buff/cache   available
Mem:           3.3Gi       1.3Gi       1.1Gi        41Mi       1.2Gi       2.0Gi
Swap:          3.4Gi       512Ki       3.4Gi

-------- Disk Usage -----------
Filesystem      Size  Used Avail Use% Mounted on
tmpfs           336M  2.1M  334M   1% /run
/dev/sda2        20G   11G  8.1G  57% /
tmpfs           1.7G  4.0K  1.7G   1% /dev/shm
tmpfs           5.0M  8.0K  5.0M   1% /run/lock
tmpfs           1.0M     0  1.0M   0% /run/credentials/systemd-journald.service
tmpfs           1.7G  3.8M  1.7G   1% /tmp
tmpfs           1.0M     0  1.0M   0% /run/credentials/systemd-resolved.service
tmpfs           336M  4.1M  332M   2% /run/user/1000
tmpfs           336M   76K  336M   1% /run/user/1002
================================

======== system report ===========
Date & Time Thu Oct 30 05:20:01 PM EDT 2025

-------- Uptime -----------
 17:20:01 up  1:13,  4 users,  load average: 0.00, 0.09, 0.21

-------- Memory Usage ----------
               total        used        free      shared  buff/cache   available
Mem:           3.3Gi       1.3Gi       1.1Gi        41Mi       1.2Gi       2.0Gi
Swap:          3.4Gi       512Ki       3.4Gi

-------- Disk Usage -----------
Filesystem      Size  Used Avail Use% Mounted on
tmpfs           336M  2.1M  334M   1% /run
/dev/sda2        20G   11G  8.1G  57% /
tmpfs           1.7G  4.0K  1.7G   1% /dev/shm
tmpfs           5.0M  8.0K  5.0M   1% /run/lock
tmpfs           1.0M     0  1.0M   0% /run/credentials/systemd-journald.service
tmpfs           1.7G  3.8M  1.7G   1% /tmp
tmpfs           1.0M     0  1.0M   0% /run/credentials/systemd-resolved.service
tmpfs           336M  4.1M  332M   2% /run/user/1000
tmpfs           336M   76K  336M   1% /run/user/1002
================================

======== system report ===========
Date & Time Thu Oct 30 05:21:01 PM EDT 2025

-------- Uptime -----------
 17:21:01 up  1:14,  4 users,  load average: 0.00, 0.07, 0.19

-------- Memory Usage ----------
               total        used        free      shared  buff/cache   available
Mem:           3.3Gi       1.3Gi       1.1Gi        41Mi       1.2Gi       2.0Gi
Swap:          3.4Gi       512Ki       3.4Gi

-------- Disk Usage -----------
Filesystem      Size  Used Avail Use% Mounted on
tmpfs           336M  2.1M  334M   1% /run
/dev/sda2        20G   11G  8.1G  57% /
tmpfs           1.7G  4.0K  1.7G   1% /dev/shm
tmpfs           5.0M  8.0K  5.0M   1% /run/lock
tmpfs           1.0M     0  1.0M   0% /run/credentials/systemd-journald.service
tmpfs           1.7G  3.8M  1.7G   1% /tmp
tmpfs           1.0M     0  1.0M   0% /run/credentials/systemd-resolved.service
tmpfs           336M  4.1M  332M   2% /run/user/1000
tmpfs           336M   76K  336M   1% /run/user/1002
================================

======== system report ===========
Date & Time Thu Oct 30 05:22:01 PM EDT 2025

-------- Uptime -----------
 17:22:01 up  1:15,  4 users,  load average: 0.00, 0.06, 0.17

-------- Memory Usage ----------
               total        used        free      shared  buff/cache   available
Mem:           3.3Gi       1.3Gi       1.1Gi        41Mi       1.2Gi       2.0Gi
Swap:          3.4Gi       512Ki       3.4Gi

-------- Disk Usage -----------
Filesystem      Size  Used Avail Use% Mounted on
tmpfs           336M  2.1M  334M   1% /run
/dev/sda2        20G   11G  8.1G  57% /
tmpfs           1.7G  4.0K  1.7G   1% /dev/shm
tmpfs           5.0M  8.0K  5.0M   1% /run/lock
tmpfs           1.0M     0  1.0M   0% /run/credentials/systemd-journald.service
tmpfs           1.7G  3.8M  1.7G   1% /tmp
tmpfs           1.0M     0  1.0M   0% /run/credentials/systemd-resolved.service
tmpfs           336M  4.1M  332M   2% /run/user/1000
tmpfs           336M   76K  336M   1% /run/user/1002
================================

======== system report ===========
Date & Time Thu Oct 30 05:23:01 PM EDT 2025

-------- Uptime -----------
 17:23:01 up  1:16,  4 users,  load average: 0.04, 0.06, 0.17

-------- Memory Usage ----------
               total        used        free      shared  buff/cache   available
Mem:           3.3Gi       1.3Gi       1.1Gi        41Mi       1.2Gi       2.0Gi
Swap:          3.4Gi       512Ki       3.4Gi

-------- Disk Usage -----------
Filesystem      Size  Used Avail Use% Mounted on
tmpfs           336M  2.1M  334M   1% /run
/dev/sda2        20G   11G  8.1G  57% /
tmpfs           1.7G  4.0K  1.7G   1% /dev/shm
tmpfs           5.0M  8.0K  5.0M   1% /run/lock
tmpfs           1.0M     0  1.0M   0% /run/credentials/systemd-journald.service
tmpfs           1.7G  3.8M  1.7G   1% /tmp
tmpfs           1.0M     0  1.0M   0% /run/credentials/systemd-resolved.service
tmpfs           336M  4.1M  332M   2% /run/user/1000
tmpfs           336M   76K  336M   1% /run/user/1002
================================

======== system report ===========
Date & Time Thu Oct 30 05:24:01 PM EDT 2025

-------- Uptime -----------
 17:24:01 up  1:17,  4 users,  load average: 0.22, 0.09, 0.17

-------- Memory Usage ----------
               total        used        free      shared  buff/cache   available
Mem:           3.3Gi       1.3Gi       1.1Gi        41Mi       1.2Gi       2.0Gi
Swap:          3.4Gi       512Ki       3.4Gi

-------- Disk Usage -----------
Filesystem      Size  Used Avail Use% Mounted on
tmpfs           336M  2.1M  334M   1% /run
/dev/sda2        20G   11G  8.1G  57% /
tmpfs           1.7G  4.0K  1.7G   1% /dev/shm
tmpfs           5.0M  8.0K  5.0M   1% /run/lock
tmpfs           1.0M     0  1.0M   0% /run/credentials/systemd-journald.service
tmpfs           1.7G  3.8M  1.7G   1% /tmp
tmpfs           1.0M     0  1.0M   0% /run/credentials/systemd-resolved.service
tmpfs           336M  4.1M  332M   2% /run/user/1000
tmpfs           336M   76K  336M   1% /run/user/1002
================================

======== system report ===========
Date & Time Thu Oct 30 05:25:01 PM EDT 2025

-------- Uptime -----------
 17:25:01 up  1:18,  4 users,  load average: 0.08, 0.08, 0.16

-------- Memory Usage ----------
               total        used        free      shared  buff/cache   available
Mem:           3.3Gi       1.3Gi       1.1Gi        41Mi       1.2Gi       2.0Gi
Swap:          3.4Gi       512Ki       3.4Gi

-------- Disk Usage -----------
Filesystem      Size  Used Avail Use% Mounted on
tmpfs           336M  2.1M  334M   1% /run
/dev/sda2        20G   11G  8.1G  57% /
tmpfs           1.7G  4.0K  1.7G   1% /dev/shm
tmpfs           5.0M  8.0K  5.0M   1% /run/lock
tmpfs           1.0M     0  1.0M   0% /run/credentials/systemd-journald.service
tmpfs           1.7G  3.8M  1.7G   1% /tmp
tmpfs           1.0M     0  1.0M   0% /run/credentials/systemd-resolved.service
tmpfs           336M  4.1M  332M   2% /run/user/1000
tmpfs           336M   76K  336M   1% /run/user/1002
================================

======== system report ===========
Date & Time Thu Oct 30 05:26:01 PM EDT 2025

-------- Uptime -----------
 17:26:01 up  1:19,  4 users,  load average: 0.10, 0.07, 0.16

-------- Memory Usage ----------
               total        used        free      shared  buff/cache   available
Mem:           3.3Gi       1.3Gi       1.1Gi        41Mi       1.2Gi       2.0Gi
Swap:          3.4Gi       512Ki       3.4Gi

-------- Disk Usage -----------
Filesystem      Size  Used Avail Use% Mounted on
tmpfs           336M  2.1M  334M   1% /run
/dev/sda2        20G   11G  8.1G  57% /
tmpfs           1.7G  4.0K  1.7G   1% /dev/shm
tmpfs           5.0M  8.0K  5.0M   1% /run/lock
tmpfs           1.0M     0  1.0M   0% /run/credentials/systemd-journald.service
tmpfs           1.7G  3.8M  1.7G   1% /tmp
tmpfs           1.0M     0  1.0M   0% /run/credentials/systemd-resolved.service
tmpfs           336M  4.1M  332M   2% /run/user/1000
tmpfs           336M   76K  336M   1% /run/user/1002
================================

======== system report ===========
Date & Time Thu Oct 30 05:27:02 PM EDT 2025

-------- Uptime -----------
 17:27:02 up  1:20,  4 users,  load average: 0.17, 0.09, 0.16

-------- Memory Usage ----------
               total        used        free      shared  buff/cache   available
Mem:           3.3Gi       1.3Gi       1.1Gi        41Mi       1.2Gi       2.0Gi
Swap:          3.4Gi       512Ki       3.4Gi

-------- Disk Usage -----------
Filesystem      Size  Used Avail Use% Mounted on
tmpfs           336M  2.1M  334M   1% /run
/dev/sda2        20G   11G  8.1G  57% /
tmpfs           1.7G  4.0K  1.7G   1% /dev/shm
tmpfs           5.0M  8.0K  5.0M   1% /run/lock
tmpfs           1.0M     0  1.0M   0% /run/credentials/systemd-journald.service
tmpfs           1.7G  3.8M  1.7G   1% /tmp
tmpfs           1.0M     0  1.0M   0% /run/credentials/systemd-resolved.service
tmpfs           336M  4.1M  332M   2% /run/user/1000
tmpfs           336M   76K  336M   1% /run/user/1002
================================

======== system report ===========
Date & Time Thu Oct 30 05:28:01 PM EDT 2025

-------- Uptime -----------
 17:28:01 up  1:21,  4 users,  load average: 0.06, 0.07, 0.14

-------- Memory Usage ----------
               total        used        free      shared  buff/cache   available
Mem:           3.3Gi       1.3Gi       1.1Gi        41Mi       1.2Gi       2.0Gi
Swap:          3.4Gi       512Ki       3.4Gi

-------- Disk Usage -----------
Filesystem      Size  Used Avail Use% Mounted on
tmpfs           336M  2.1M  334M   1% /run
/dev/sda2        20G   11G  8.1G  57% /
tmpfs           1.7G  4.0K  1.7G   1% /dev/shm
tmpfs           5.0M  8.0K  5.0M   1% /run/lock
tmpfs           1.0M     0  1.0M   0% /run/credentials/systemd-journald.service
tmpfs           1.7G  3.8M  1.7G   1% /tmp
tmpfs           1.0M     0  1.0M   0% /run/credentials/systemd-resolved.service
tmpfs           336M  4.1M  332M   2% /run/user/1000
tmpfs           336M   76K  336M   1% /run/user/1002
================================

======== system report ===========
Date & Time Thu Oct 30 05:29:01 PM EDT 2025

-------- Uptime -----------
 17:29:01 up  1:22,  4 users,  load average: 0.02, 0.06, 0.13

-------- Memory Usage ----------
               total        used        free      shared  buff/cache   available
Mem:           3.3Gi       1.3Gi       1.1Gi        41Mi       1.2Gi       2.0Gi
Swap:          3.4Gi       512Ki       3.4Gi

-------- Disk Usage -----------
Filesystem      Size  Used Avail Use% Mounted on
tmpfs           336M  2.1M  334M   1% /run
/dev/sda2        20G   11G  8.1G  57% /
tmpfs           1.7G  4.0K  1.7G   1% /dev/shm
tmpfs           5.0M  8.0K  5.0M   1% /run/lock
tmpfs           1.0M     0  1.0M   0% /run/credentials/systemd-journald.service
tmpfs           1.7G  3.8M  1.7G   1% /tmp
tmpfs           1.0M     0  1.0M   0% /run/credentials/systemd-resolved.service
tmpfs           336M  4.1M  332M   2% /run/user/1000
tmpfs           336M   76K  336M   1% /run/user/1002
================================

======== system report ===========
Date & Time Thu Oct 30 05:30:01 PM EDT 2025

-------- Uptime -----------
 17:30:01 up  1:23,  4 users,  load average: 0.39, 0.16, 0.16

-------- Memory Usage ----------
               total        used        free      shared  buff/cache   available
Mem:           3.3Gi       1.3Gi       1.1Gi        41Mi       1.2Gi       2.0Gi
Swap:          3.4Gi       512Ki       3.4Gi

-------- Disk Usage -----------
Filesystem      Size  Used Avail Use% Mounted on
tmpfs           336M  2.1M  334M   1% /run
/dev/sda2        20G   11G  8.1G  57% /
tmpfs           1.7G  4.0K  1.7G   1% /dev/shm
tmpfs           5.0M  8.0K  5.0M   1% /run/lock
tmpfs           1.0M     0  1.0M   0% /run/credentials/systemd-journald.service
tmpfs           1.7G  3.8M  1.7G   1% /tmp
tmpfs           1.0M     0  1.0M   0% /run/credentials/systemd-resolved.service
tmpfs           336M  4.1M  332M   2% /run/user/1000
tmpfs           336M   76K  336M   1% /run/user/1002
================================

======== system report ===========
Date & Time Thu Oct 30 05:31:01 PM EDT 2025

-------- Uptime -----------
 17:31:01 up  1:24,  4 users,  load average: 0.14, 0.13, 0.15

-------- Memory Usage ----------
               total        used        free      shared  buff/cache   available
Mem:           3.3Gi       1.3Gi       1.1Gi        41Mi       1.2Gi       2.0Gi
Swap:          3.4Gi       512Ki       3.4Gi

-------- Disk Usage -----------
Filesystem      Size  Used Avail Use% Mounted on
tmpfs           336M  2.1M  334M   1% /run
/dev/sda2        20G   11G  8.1G  57% /
tmpfs           1.7G  4.0K  1.7G   1% /dev/shm
tmpfs           5.0M  8.0K  5.0M   1% /run/lock
tmpfs           1.0M     0  1.0M   0% /run/credentials/systemd-journald.service
tmpfs           1.7G  3.8M  1.7G   1% /tmp
tmpfs           1.0M     0  1.0M   0% /run/credentials/systemd-resolved.service
tmpfs           336M  4.1M  332M   2% /run/user/1000
tmpfs           336M   76K  336M   1% /run/user/1002
================================

======== system report ===========
Date & Time Thu Oct 30 05:32:01 PM EDT 2025

-------- Uptime -----------
 17:32:01 up  1:25,  4 users,  load average: 0.05, 0.11, 0.14

-------- Memory Usage ----------
               total        used        free      shared  buff/cache   available
Mem:           3.3Gi       1.3Gi       1.1Gi        41Mi       1.2Gi       2.0Gi
Swap:          3.4Gi       512Ki       3.4Gi

-------- Disk Usage -----------
Filesystem      Size  Used Avail Use% Mounted on
tmpfs           336M  2.1M  334M   1% /run
/dev/sda2        20G   11G  8.1G  57% /
tmpfs           1.7G  4.0K  1.7G   1% /dev/shm
tmpfs           5.0M  8.0K  5.0M   1% /run/lock
tmpfs           1.0M     0  1.0M   0% /run/credentials/systemd-journald.service
tmpfs           1.7G  3.8M  1.7G   1% /tmp
tmpfs           1.0M     0  1.0M   0% /run/credentials/systemd-resolved.service
tmpfs           336M  4.1M  332M   2% /run/user/1000
tmpfs           336M   76K  336M   1% /run/user/1002
================================

======== system report ===========
Date & Time Thu Oct 30 05:33:01 PM EDT 2025

-------- Uptime -----------
 17:33:01 up  1:26,  4 users,  load average: 0.10, 0.10, 0.14

-------- Memory Usage ----------
               total        used        free      shared  buff/cache   available
Mem:           3.3Gi       1.3Gi       1.1Gi        41Mi       1.2Gi       2.0Gi
Swap:          3.4Gi       512Ki       3.4Gi

-------- Disk Usage -----------
Filesystem      Size  Used Avail Use% Mounted on
tmpfs           336M  2.1M  334M   1% /run
/dev/sda2        20G   11G  8.1G  57% /
tmpfs           1.7G  4.0K  1.7G   1% /dev/shm
tmpfs           5.0M  8.0K  5.0M   1% /run/lock
tmpfs           1.0M     0  1.0M   0% /run/credentials/systemd-journald.service
tmpfs           1.7G  3.8M  1.7G   1% /tmp
tmpfs           1.0M     0  1.0M   0% /run/credentials/systemd-resolved.service
tmpfs           336M  4.1M  332M   2% /run/user/1000
tmpfs           336M   76K  336M   1% /run/user/1002
================================

======== system report ===========
Date & Time Thu Oct 30 05:34:01 PM EDT 2025

-------- Uptime -----------
 17:34:01 up  1:27,  4 users,  load average: 0.03, 0.08, 0.12

-------- Memory Usage ----------
               total        used        free      shared  buff/cache   available
Mem:           3.3Gi       1.3Gi       1.1Gi        41Mi       1.2Gi       2.0Gi
Swap:          3.4Gi       512Ki       3.4Gi

-------- Disk Usage -----------
Filesystem      Size  Used Avail Use% Mounted on
tmpfs           336M  2.1M  334M   1% /run
/dev/sda2        20G   11G  8.1G  57% /
tmpfs           1.7G  4.0K  1.7G   1% /dev/shm
tmpfs           5.0M  8.0K  5.0M   1% /run/lock
tmpfs           1.0M     0  1.0M   0% /run/credentials/systemd-journald.service
tmpfs           1.7G  3.8M  1.7G   1% /tmp
tmpfs           1.0M     0  1.0M   0% /run/credentials/systemd-resolved.service
tmpfs           336M  4.1M  332M   2% /run/user/1000
tmpfs           336M   76K  336M   1% /run/user/1002
================================

======== system report ===========
Date & Time Thu Oct 30 05:35:01 PM EDT 2025

-------- Uptime -----------
 17:35:01 up  1:28,  4 users,  load average: 0.01, 0.06, 0.11

-------- Memory Usage ----------
               total        used        free      shared  buff/cache   available
Mem:           3.3Gi       1.3Gi       1.1Gi        41Mi       1.2Gi       2.0Gi
Swap:          3.4Gi       512Ki       3.4Gi

-------- Disk Usage -----------
Filesystem      Size  Used Avail Use% Mounted on
tmpfs           336M  2.1M  334M   1% /run
/dev/sda2        20G   11G  8.1G  57% /
tmpfs           1.7G  4.0K  1.7G   1% /dev/shm
tmpfs           5.0M  8.0K  5.0M   1% /run/lock
tmpfs           1.0M     0  1.0M   0% /run/credentials/systemd-journald.service
tmpfs           1.7G  3.8M  1.7G   1% /tmp
tmpfs           1.0M     0  1.0M   0% /run/credentials/systemd-resolved.service
tmpfs           336M  4.1M  332M   2% /run/user/1000
tmpfs           336M   76K  336M   1% /run/user/1002
================================

======== system report ===========
Date & Time Thu Oct 30 10:10:42 PM EDT 2025

-------- Uptime -----------
 22:10:42 up  1:29,  4 users,  load average: 0.31, 0.15, 0.14

-------- Memory Usage ----------
               total        used        free      shared  buff/cache   available
Mem:           3.3Gi       1.3Gi       1.0Gi        41Mi       1.2Gi       2.0Gi
Swap:          3.4Gi       512Ki       3.4Gi

-------- Disk Usage -----------
Filesystem      Size  Used Avail Use% Mounted on
tmpfs           336M  2.2M  334M   1% /run
/dev/sda2        20G   11G  8.1G  57% /
tmpfs           1.7G  4.0K  1.7G   1% /dev/shm
tmpfs           5.0M  8.0K  5.0M   1% /run/lock
tmpfs           1.0M     0  1.0M   0% /run/credentials/systemd-journald.service
tmpfs           1.7G  3.8M  1.7G   1% /tmp
tmpfs           1.0M     0  1.0M   0% /run/credentials/systemd-resolved.service
tmpfs           336M  4.1M  332M   2% /run/user/1000
tmpfs           336M   76K  336M   1% /run/user/1002
================================

======== system report ===========
Date & Time Thu Oct 30 10:11:01 PM EDT 2025

-------- Uptime -----------
 22:11:01 up  1:30,  4 users,  load average: 0.40, 0.18, 0.15

-------- Memory Usage ----------
               total        used        free      shared  buff/cache   available
Mem:           3.3Gi       1.3Gi       1.0Gi        41Mi       1.2Gi       2.0Gi
Swap:          3.4Gi       512Ki       3.4Gi

-------- Disk Usage -----------
Filesystem      Size  Used Avail Use% Mounted on
tmpfs           336M  2.2M  334M   1% /run
/dev/sda2        20G   11G  8.1G  57% /
tmpfs           1.7G  4.0K  1.7G   1% /dev/shm
tmpfs           5.0M  8.0K  5.0M   1% /run/lock
tmpfs           1.0M     0  1.0M   0% /run/credentials/systemd-journald.service
tmpfs           1.7G  3.8M  1.7G   1% /tmp
tmpfs           1.0M     0  1.0M   0% /run/credentials/systemd-resolved.service
tmpfs           336M  4.1M  332M   2% /run/user/1000
tmpfs           336M   76K  336M   1% /run/user/1002
================================

======== system report ===========
Date & Time Thu Oct 30 10:12:01 PM EDT 2025

-------- Uptime -----------
 22:12:01 up  1:31,  4 users,  load average: 0.21, 0.16, 0.14

-------- Memory Usage ----------
               total        used        free      shared  buff/cache   available
Mem:           3.3Gi       1.3Gi       1.0Gi        41Mi       1.2Gi       2.0Gi
Swap:          3.4Gi       512Ki       3.4Gi

-------- Disk Usage -----------
Filesystem      Size  Used Avail Use% Mounted on
tmpfs           336M  2.2M  334M   1% /run
/dev/sda2        20G   11G  8.1G  57% /
tmpfs           1.7G  4.0K  1.7G   1% /dev/shm
tmpfs           5.0M  8.0K  5.0M   1% /run/lock
tmpfs           1.0M     0  1.0M   0% /run/credentials/systemd-journald.service
tmpfs           1.7G  3.8M  1.7G   1% /tmp
tmpfs           1.0M     0  1.0M   0% /run/credentials/systemd-resolved.service
tmpfs           336M  4.1M  332M   2% /run/user/1000
tmpfs           336M   76K  336M   1% /run/user/1002
================================

======== system report ===========
Date & Time Thu Oct 30 10:13:01 PM EDT 2025

-------- Uptime -----------
 22:13:01 up  1:32,  4 users,  load average: 0.15, 0.14, 0.13

-------- Memory Usage ----------
               total        used        free      shared  buff/cache   available
Mem:           3.3Gi       1.3Gi       1.0Gi        41Mi       1.2Gi       2.0Gi
Swap:          3.4Gi       512Ki       3.4Gi

-------- Disk Usage -----------
Filesystem      Size  Used Avail Use% Mounted on
tmpfs           336M  2.2M  334M   1% /run
/dev/sda2        20G   11G  8.1G  57% /
tmpfs           1.7G  4.0K  1.7G   1% /dev/shm
tmpfs           5.0M  8.0K  5.0M   1% /run/lock
tmpfs           1.0M     0  1.0M   0% /run/credentials/systemd-journald.service
tmpfs           1.7G  3.8M  1.7G   1% /tmp
tmpfs           1.0M     0  1.0M   0% /run/credentials/systemd-resolved.service
tmpfs           336M  4.1M  332M   2% /run/user/1000
tmpfs           336M   76K  336M   1% /run/user/1002
================================

======== system report ===========
Date & Time Thu Oct 30 10:14:01 PM EDT 2025

-------- Uptime -----------
 22:14:01 up  1:33,  4 users,  load average: 0.35, 0.18, 0.14

-------- Memory Usage ----------
               total        used        free      shared  buff/cache   available
Mem:           3.3Gi       1.3Gi       1.0Gi        41Mi       1.2Gi       2.0Gi
Swap:          3.4Gi       512Ki       3.4Gi

-------- Disk Usage -----------
Filesystem      Size  Used Avail Use% Mounted on
tmpfs           336M  2.2M  334M   1% /run
/dev/sda2        20G   11G  8.1G  57% /
tmpfs           1.7G  4.0K  1.7G   1% /dev/shm
tmpfs           5.0M  8.0K  5.0M   1% /run/lock
tmpfs           1.0M     0  1.0M   0% /run/credentials/systemd-journald.service
tmpfs           1.7G  3.8M  1.7G   1% /tmp
tmpfs           1.0M     0  1.0M   0% /run/credentials/systemd-resolved.service
tmpfs           336M  4.1M  332M   2% /run/user/1000
tmpfs           336M   76K  336M   1% /run/user/1002
================================

