==================================================
Date: Thu Oct 30 10:12:29 PM EDT 2025
Name: system admin
Hours worked: 50
Work description: IT
==================================================

==================================================
Date: Fri Oct 31 08:08:16 AM EDT 2025
Name: System Admin
Hours worked: 590
Work description: IT
==================================================

==================================================
Date: Fri Oct 31 08:13:00 AM EDT 2025
Name: System Admin
Hours worked: 50
Work description: IT
==================================================

==================================================
Date: Fri Oct 31 08:17:24 AM EDT 2025
Name: Mel C
Hours worked: 50
Work description: IT
==================================================

